I'm sorry, but errors were detected in your script. Please correct the
errors listed below, and try again.


The label episode01 is defined twice, at File "game/episode01.rpy", line 8:
and File "game/episodes/season01/episode01.rpy", line 7:
label episode01:


Ren'Py Version: Ren'Py 8.5.3.26051504
Mon Jul 27 12:09:45 2026
